============================= test session starts =============================
platform win32 -- Python 3.10.11, pytest-9.0.2, pluggy-1.6.0 -- C:\Users\ADMIN 2025\Documents\AcademicAdvisor-Chatbot-V3\venv\Scripts\python.exe
cachedir: .pytest_cache
rootdir: C:\Users\ADMIN 2025\Documents\AcademicAdvisor-Chatbot-V3
plugins: anyio-4.12.0, langsmith-0.6.0
collecting ... collected 0 items / 1 error

=================================== ERRORS ====================================
___________________ ERROR collecting tests/test_actions.py ____________________
ImportError while importing test module 'C:\Users\ADMIN 2025\Documents\AcademicAdvisor-Chatbot-V3\tests\test_actions.py'.
Hint: make sure your test modules/packages have valid Python names.
Traceback:
C:\Python310\lib\importlib\__init__.py:126: in import_module
    return _bootstrap._gcd_import(name[level:], package, level)
tests\test_actions.py:17: in <module>
    from actions.actions import (
actions\__init__.py:15: in <module>
    from .academic import (
actions\academic\__init__.py:6: in <module>
    from .course_actions import ActionGetCourseDetails
actions\academic\course_actions.py:11: in <module>
    from .db_utils import get_db_connection, get_prerequisites_for_course
E   ModuleNotFoundError: No module named 'actions.academic.db_utils'
=========================== short test summary info ===========================
ERROR tests/test_actions.py
!!!!!!!!!!!!!!!!!!! Interrupted: 1 error during collection !!!!!!!!!!!!!!!!!!!!
============================== 1 error in 0.53s ===============================
